kotlin version: 1.9.22
error message: org.jetbrains.kotlin.backend.common.BackendException: Backend Internal error: Exception during IR lowering
File being compiled: C:/Users/MERVEILLE/Downloads/Telegram Desktop/SafeRoute/SafeRoute/SafeRoute/app/src/main/java/com/saferoute/presentation/components/SOSButton.kt
The root cause java.lang.RuntimeException was thrown at: org.jetbrains.kotlin.backend.jvm.codegen.FunctionCodegen.generate(FunctionCodegen.kt:51)
	at org.jetbrains.kotlin.backend.common.CodegenUtil.reportBackendException(CodegenUtil.kt:253)
	at org.jetbrains.kotlin.backend.common.CodegenUtil.reportBackendException$default(CodegenUtil.kt:237)
	at org.jetbrains.kotlin.backend.common.phaser.PerformByIrFilePhase.invokeSequential(performByIrFile.kt:65)
	at org.jetbrains.kotlin.backend.common.phaser.PerformByIrFilePhase.invoke(performByIrFile.kt:52)
	at org.jetbrains.kotlin.backend.common.phaser.PerformByIrFilePhase.invoke(performByIrFile.kt:38)
	at org.jetbrains.kotlin.backend.common.phaser.NamedCompilerPhase.phaseBody(CompilerPhase.kt:147)
	at org.jetbrains.kotlin.backend.common.phaser.AbstractNamedCompilerPhase.invoke(CompilerPhase.kt:94)
	at org.jetbrains.kotlin.backend.common.phaser.CompositePhase.invoke(PhaseBuilders.kt:29)
	at org.jetbrains.kotlin.backend.common.phaser.CompositePhase.invoke(PhaseBuilders.kt:16)
	at org.jetbrains.kotlin.backend.common.phaser.NamedCompilerPhase.phaseBody(CompilerPhase.kt:147)
	at org.jetbrains.kotlin.backend.common.phaser.AbstractNamedCompilerPhase.invoke(CompilerPhase.kt:94)
	at org.jetbrains.kotlin.backend.common.phaser.CompilerPhaseKt.invokeToplevel(CompilerPhase.kt:43)
	at org.jetbrains.kotlin.backend.jvm.JvmIrCodegenFactory.invokeCodegen(JvmIrCodegenFactory.kt:361)
	at org.jetbrains.kotlin.cli.jvm.compiler.KotlinToJVMBytecodeCompiler.runCodegen(KotlinToJVMBytecodeCompiler.kt:347)
	at org.jetbrains.kotlin.cli.jvm.compiler.KotlinToJVMBytecodeCompiler.compileModules$cli(KotlinToJVMBytecodeCompiler.kt:122)
	at org.jetbrains.kotlin.cli.jvm.compiler.KotlinToJVMBytecodeCompiler.compileModules$cli$default(KotlinToJVMBytecodeCompiler.kt:43)
	at org.jetbrains.kotlin.cli.jvm.K2JVMCompiler.doExecute(K2JVMCompiler.kt:165)
	at org.jetbrains.kotlin.cli.jvm.K2JVMCompiler.doExecute(K2JVMCompiler.kt:50)
	at org.jetbrains.kotlin.cli.common.CLICompiler.execImpl(CLICompiler.kt:104)
	at org.jetbrains.kotlin.cli.common.CLICompiler.execImpl(CLICompiler.kt:48)
	at org.jetbrains.kotlin.cli.common.CLITool.exec(CLITool.kt:101)
	at org.jetbrains.kotlin.incremental.IncrementalJvmCompilerRunner.runCompiler(IncrementalJvmCompilerRunner.kt:463)
	at org.jetbrains.kotlin.incremental.IncrementalJvmCompilerRunner.runCompiler(IncrementalJvmCompilerRunner.kt:62)
	at org.jetbrains.kotlin.incremental.IncrementalCompilerRunner.doCompile(IncrementalCompilerRunner.kt:477)
	at org.jetbrains.kotlin.incremental.IncrementalCompilerRunner.compileImpl(IncrementalCompilerRunner.kt:400)
	at org.jetbrains.kotlin.incremental.IncrementalCompilerRunner.compileNonIncrementally(IncrementalCompilerRunner.kt:281)
	at org.jetbrains.kotlin.incremental.IncrementalCompilerRunner.compile(IncrementalCompilerRunner.kt:125)
	at org.jetbrains.kotlin.daemon.CompileServiceImplBase.execIncrementalCompiler(CompileServiceImpl.kt:657)
	at org.jetbrains.kotlin.daemon.CompileServiceImplBase.access$execIncrementalCompiler(CompileServiceImpl.kt:105)
	at org.jetbrains.kotlin.daemon.CompileServiceImpl.compile(CompileServiceImpl.kt:1624)
	at java.base/jdk.internal.reflect.NativeMethodAccessorImpl.invoke0(Native Method)
	at java.base/jdk.internal.reflect.NativeMethodAccessorImpl.invoke(NativeMethodAccessorImpl.java:77)
	at java.base/jdk.internal.reflect.DelegatingMethodAccessorImpl.invoke(DelegatingMethodAccessorImpl.java:43)
	at java.base/java.lang.reflect.Method.invoke(Method.java:568)
	at java.rmi/sun.rmi.server.UnicastServerRef.dispatch(UnicastServerRef.java:360)
	at java.rmi/sun.rmi.transport.Transport$1.run(Transport.java:200)
	at java.rmi/sun.rmi.transport.Transport$1.run(Transport.java:197)
	at java.base/java.security.AccessController.doPrivileged(AccessController.java:712)
	at java.rmi/sun.rmi.transport.Transport.serviceCall(Transport.java:196)
	at java.rmi/sun.rmi.transport.tcp.TCPTransport.handleMessages(TCPTransport.java:587)
	at java.rmi/sun.rmi.transport.tcp.TCPTransport$ConnectionHandler.run0(TCPTransport.java:828)
	at java.rmi/sun.rmi.transport.tcp.TCPTransport$ConnectionHandler.lambda$run$0(TCPTransport.java:705)
	at java.base/java.security.AccessController.doPrivileged(AccessController.java:399)
	at java.rmi/sun.rmi.transport.tcp.TCPTransport$ConnectionHandler.run(TCPTransport.java:704)
	at java.base/java.util.concurrent.ThreadPoolExecutor.runWorker(ThreadPoolExecutor.java:1136)
	at java.base/java.util.concurrent.ThreadPoolExecutor$Worker.run(ThreadPoolExecutor.java:635)
	at java.base/java.lang.Thread.run(Thread.java:842)
Caused by: java.lang.RuntimeException: Exception while generating code for:
FUN name:SOSButton visibility:public modality:FINAL <> (onClick:kotlin.Function0<kotlin.Unit>, modifier:androidx.compose.ui.Modifier, countdownSeconds:kotlin.Int) returnType:kotlin.Unit
  annotations:
    Composable
  VALUE_PARAMETER name:onClick index:0 type:kotlin.Function0<kotlin.Unit>
  VALUE_PARAMETER name:modifier index:1 type:androidx.compose.ui.Modifier
    EXPRESSION_BODY
      ERROR_EXPR 'Default Stub' type=androidx.compose.ui.Modifier
  VALUE_PARAMETER name:countdownSeconds index:2 type:kotlin.Int
    EXPRESSION_BODY
      ERROR_EXPR 'Default Stub' type=kotlin.Int
  BLOCK_BODY
    VAR PROPERTY_DELEGATE name:isPressed$delegate type:androidx.compose.runtime.MutableState<kotlin.Boolean> [val]
      CALL 'public final fun remember <T> (calculation: @[DisallowComposableCalls] kotlin.Function0<T of androidx.compose.runtime.ComposablesKt.remember>): T of androidx.compose.runtime.ComposablesKt.remember [inline] declared in androidx.compose.runtime.ComposablesKt' type=androidx.compose.runtime.MutableState<kotlin.Boolean> origin=null
        <T>: androidx.compose.runtime.MutableState<kotlin.Boolean>
        calculation: BLOCK type=kotlin.Function0<androidx.compose.runtime.MutableState<kotlin.Boolean>> origin=LAMBDA
          COMPOSITE type=kotlin.Unit origin=null
          FUNCTION_REFERENCE 'private final fun SOSButton$lambda$0 (): androidx.compose.runtime.MutableState<kotlin.Boolean> declared in com.saferoute.presentation.components.SOSButtonKt' type=kotlin.Function0<androidx.compose.runtime.MutableState<kotlin.Boolean>> origin=INLINE_LAMBDA reflectionTarget=null
    VAR PROPERTY_DELEGATE name:countdown$delegate type:androidx.compose.runtime.MutableState<kotlin.Int> [val]
      CALL 'public final fun remember <T> (calculation: @[DisallowComposableCalls] kotlin.Function0<T of androidx.compose.runtime.ComposablesKt.remember>): T of androidx.compose.runtime.ComposablesKt.remember [inline] declared in androidx.compose.runtime.ComposablesKt' type=androidx.compose.runtime.MutableState<kotlin.Int> origin=null
        <T>: androidx.compose.runtime.MutableState<kotlin.Int>
        calculation: BLOCK type=kotlin.Function0<androidx.compose.runtime.MutableState<kotlin.Int>> origin=LAMBDA
          COMPOSITE type=kotlin.Unit origin=null
          FUNCTION_REFERENCE 'private final fun SOSButton$lambda$3 ($countdownSeconds: kotlin.Int): androidx.compose.runtime.MutableState<kotlin.Int> declared in com.saferoute.presentation.components.SOSButtonKt' type=kotlin.Function0<androidx.compose.runtime.MutableState<kotlin.Int>> origin=INLINE_LAMBDA reflectionTarget=null
            $countdownSeconds: GET_VAR 'countdownSeconds: kotlin.Int declared in com.saferoute.presentation.components.SOSButtonKt.SOSButton' type=kotlin.Int origin=null
    VAR PROPERTY_DELEGATE name:isCountingDown$delegate type:androidx.compose.runtime.MutableState<kotlin.Boolean> [val]
      CALL 'public final fun remember <T> (calculation: @[DisallowComposableCalls] kotlin.Function0<T of androidx.compose.runtime.ComposablesKt.remember>): T of androidx.compose.runtime.ComposablesKt.remember [inline] declared in androidx.compose.runtime.ComposablesKt' type=androidx.compose.runtime.MutableState<kotlin.Boolean> origin=null
        <T>: androidx.compose.runtime.MutableState<kotlin.Boolean>
        calculation: BLOCK type=kotlin.Function0<androidx.compose.runtime.MutableState<kotlin.Boolean>> origin=LAMBDA
          COMPOSITE type=kotlin.Unit origin=null
          FUNCTION_REFERENCE 'private final fun SOSButton$lambda$6 (): androidx.compose.runtime.MutableState<kotlin.Boolean> declared in com.saferoute.presentation.components.SOSButtonKt' type=kotlin.Function0<androidx.compose.runtime.MutableState<kotlin.Boolean>> origin=INLINE_LAMBDA reflectionTarget=null
    VAR name:interactionSource type:androidx.compose.foundation.interaction.MutableInteractionSource [val]
      CALL 'public final fun remember <T> (calculation: @[DisallowComposableCalls] kotlin.Function0<T of androidx.compose.runtime.ComposablesKt.remember>): T of androidx.compose.runtime.ComposablesKt.remember [inline] declared in androidx.compose.runtime.ComposablesKt' type=androidx.compose.foundation.interaction.MutableInteractionSource origin=null
        <T>: androidx.compose.foundation.interaction.MutableInteractionSource
        calculation: BLOCK type=kotlin.Function0<androidx.compose.foundation.interaction.MutableInteractionSource> origin=LAMBDA
          COMPOSITE type=kotlin.Unit origin=null
          FUNCTION_REFERENCE 'private final fun SOSButton$lambda$9 (): androidx.compose.foundation.interaction.MutableInteractionSource declared in com.saferoute.presentation.components.SOSButtonKt' type=kotlin.Function0<androidx.compose.foundation.interaction.MutableInteractionSource> origin=INLINE_LAMBDA reflectionTarget=null
    VAR PROPERTY_DELEGATE name:isPressedState$delegate type:androidx.compose.runtime.State<kotlin.Boolean> [val]
      CALL 'public final fun collectIsPressedAsState (): androidx.compose.runtime.State<kotlin.Boolean> declared in androidx.compose.foundation.interaction.PressInteractionKt' type=androidx.compose.runtime.State<kotlin.Boolean> origin=null
        $receiver: GET_VAR 'val interactionSource: androidx.compose.foundation.interaction.MutableInteractionSource [val] declared in com.saferoute.presentation.components.SOSButtonKt.SOSButton' type=androidx.compose.foundation.interaction.MutableInteractionSource origin=null
    VAR PROPERTY_DELEGATE name:scale$delegate type:androidx.compose.runtime.State<kotlin.Float> [val]
      CALL 'public final fun animateFloatAsState$default (targetValue: kotlin.Float, animationSpec: androidx.compose.animation.core.AnimationSpec<kotlin.Float>?, visibilityThreshold: kotlin.Float, label: kotlin.String?, finishedListener: kotlin.Function1<kotlin.Float, kotlin.Unit>?, $mask0: kotlin.Int, $handler: kotlin.Any?): androidx.compose.runtime.State<kotlin.Float> declared in androidx.compose.animation.core.AnimateAsStateKt' type=androidx.compose.runtime.State<kotlin.Float> origin=DEFAULT_DISPATCH_CALL
        targetValue: WHEN type=kotlin.Float origin=IF
          BRANCH
            if: CALL 'private final fun SOSButton$lambda$10 ($isPressedState$delegate: androidx.compose.runtime.State<kotlin.Boolean>): kotlin.Boolean declared in com.saferoute.presentation.components.SOSButtonKt' type=kotlin.Boolean origin=GET_LOCAL_PROPERTY
              $isPressedState$delegate: GET_VAR 'val isPressedState$delegate: androidx.compose.runtime.State<kotlin.Boolean> [val] declared in com.saferoute.presentation.components.SOSButtonKt.SOSButton' type=androidx.compose.runtime.State<kotlin.Boolean> origin=null
            then: CONST Float type=kotlin.Float value=0.95
          BRANCH
            if: CONST Boolean type=kotlin.Boolean value=true
            then: CONST Float type=kotlin.Float value=1.0
        animationSpec: TYPE_OP type=androidx.compose.animation.core.SpringSpec<kotlin.Float> origin=IMPLICIT_CAST typeOperand=androidx.compose.animation.core.SpringSpec<kotlin.Float>
          CALL 'public final fun spring$default <T> (dampingRatio: kotlin.Float, stiffness: kotlin.Float, visibilityThreshold: T of androidx.compose.animation.core.AnimationSpecKt.spring$default?, $mask0: kotlin.Int, $handler: kotlin.Any?): androidx.compose.animation.core.SpringSpec<T of androidx.compose.animation.core.AnimationSpecKt.spring$default> declared in androidx.compose.animation.core.AnimationSpecKt' type=androidx.compose.animation.core.SpringSpec<T of androidx.compose.animation.core.AnimationSpecKt.spring$default> origin=DEFAULT_DISPATCH_CALL
            <T>: kotlin.Float
            dampingRatio: CONST Float type=kotlin.Float value=0.5
            stiffness: COMPOSITE type=kotlin.Float origin=DEFAULT_VALUE
              CONST Float type=kotlin.Float value=0.0
            visibilityThreshold: COMPOSITE type=T of androidx.compose.animation.core.AnimationSpecKt.spring$default? origin=DEFAULT_VALUE
              CONST Null type=kotlin.Any? value=null
            $mask0: CONST Int type=kotlin.Int value=6
            $handler: CONST Null type=kotlin.Any? value=null
        visibilityThreshold: COMPOSITE type=kotlin.Float origin=DEFAULT_VALUE
          CONST Float type=kotlin.Float value=0.0
        label: CONST String type=kotlin.String value="scale"
        finishedListener: COMPOSITE type=kotlin.Function1<kotlin.Float, kotlin.Unit>? origin=DEFAULT_VALUE
          CONST Null type=kotlin.Function1<kotlin.Float, kotlin.Unit>? value=null
        $mask0: CONST Int type=kotlin.Int value=20
        $handler: CONST Null type=kotlin.Any? value=null
    VAR PROPERTY_DELEGATE name:pulseAnimation$delegate type:androidx.compose.runtime.State<kotlin.Float> [val]
      CALL 'public final fun animateFloat (initialValue: kotlin.Float, targetValue: kotlin.Float, animationSpec: androidx.compose.animation.core.InfiniteRepeatableSpec<kotlin.Float>, label: kotlin.String): androidx.compose.runtime.State<kotlin.Float> declared in androidx.compose.animation.core.InfiniteTransitionKt' type=androidx.compose.runtime.State<kotlin.Float> origin=null
        $receiver: CALL 'public final fun rememberInfiniteTransition (label: kotlin.String): androidx.compose.animation.core.InfiniteTransition declared in androidx.compose.animation.core.InfiniteTransitionKt' type=androidx.compose.animation.core.InfiniteTransition origin=null
          label: CONST String type=kotlin.String value="pulse"
        initialValue: CONST Float type=kotlin.Float value=1.0
        targetValue: CONST Float type=kotlin.Float value=1.1
        animationSpec: TYPE_OP type=androidx.compose.animation.core.InfiniteRepeatableSpec<kotlin.Float> origin=IMPLICIT_CAST typeOperand=androidx.compose.animation.core.InfiniteRepeatableSpec<kotlin.Float>
          CALL 'public final fun infiniteRepeatable-9IiC70o$default <T> (animation: androidx.compose.animation.core.DurationBasedAnimationSpec<T of androidx.compose.animation.core.AnimationSpecKt.infiniteRepeatable-9IiC70o$default>, repeatMode: androidx.compose.animation.core.RepeatMode?, initialStartOffset: androidx.compose.animation.core.StartOffset, $mask0: kotlin.Int, $handler: kotlin.Any?): androidx.compose.animation.core.InfiniteRepeatableSpec<T of androidx.compose.animation.core.AnimationSpecKt.infiniteRepeatable> declared in androidx.compose.animation.core.AnimationSpecKt' type=androidx.compose.animation.core.InfiniteRepeatableSpec<T of androidx.compose.animation.core.AnimationSpecKt.infiniteRepeatable> origin=DEFAULT_DISPATCH_CALL
            <T>: kotlin.Float
            animation: TYPE_OP type=androidx.compose.animation.core.TweenSpec<kotlin.Float> origin=IMPLICIT_CAST typeOperand=androidx.compose.animation.core.TweenSpec<kotlin.Float>
              CALL 'public final fun tween$default <T> (durationMillis: kotlin.Int, delayMillis: kotlin.Int, easing: androidx.compose.animation.core.Easing?, $mask0: kotlin.Int, $handler: kotlin.Any?): androidx.compose.animation.core.TweenSpec<T of androidx.compose.animation.core.AnimationSpecKt.tween$default> declared in androidx.compose.animation.core.AnimationSpecKt' type=androidx.compose.animation.core.TweenSpec<T of androidx.compose.animation.core.AnimationSpecKt.tween$default> origin=DEFAULT_DISPATCH_CALL
                <T>: kotlin.Float
                durationMillis: CONST Int type=kotlin.Int value=1000
                delayMillis: COMPOSITE type=kotlin.Int origin=DEFAULT_VALUE
                  CONST Int type=kotlin.Int value=0
                easing: CALL 'public final fun <get-FastOutSlowInEasing> (): androidx.compose.animation.core.Easing declared in androidx.compose.animation.core.EasingKt' type=androidx.compose.animation.core.Easing origin=GET_PROPERTY
                $mask0: CONST Int type=kotlin.Int value=2
                $handler: CONST Null type=kotlin.Any? value=null
            repeatMode: GET_FIELD 'FIELD FIELD_FOR_ENUM_ENTRY name:Reverse type:androidx.compose.animation.core.RepeatMode visibility:public [final,static]' type=androidx.compose.animation.core.RepeatMode origin=null
            initialStartOffset: COMPOSITE type=androidx.compose.animation.core.StartOffset origin=DEFAULT_VALUE
              CALL 'public final fun <unsafe-coerce> <T, R> (v: T of kotlin.jvm.internal.<unsafe-coerce>): R of kotlin.jvm.internal.<unsafe-coerce> declared in kotlin.jvm.internal' type=androidx.compose.animation.core.StartOffset origin=null
                <T>: kotlin.Long
                <R>: androidx.compose.animation.core.StartOffset
                v: CONST Long type=kotlin.Long value=0
            $mask0: CONST Int type=kotlin.Int value=4
            $handler: CONST Null type=kotlin.Any? value=null
        label: CONST String type=kotlin.String value="pulse"
    CALL 'public final fun LaunchedEffect (key1: kotlin.Any?, block: @[ExtensionFunctionType] kotlin.coroutines.SuspendFunction1<kotlinx.coroutines.CoroutineScope, kotlin.Unit>): kotlin.Unit declared in androidx.compose.runtime.EffectsKt' type=kotlin.Unit origin=null
      key1: CALL 'private final fun SOSButton$lambda$10 ($isPressedState$delegate: androidx.compose.runtime.State<kotlin.Boolean>): kotlin.Boolean declared in com.saferoute.presentation.components.SOSButtonKt' type=kotlin.Boolean origin=GET_LOCAL_PROPERTY
        $isPressedState$delegate: GET_VAR 'val isPressedState$delegate: androidx.compose.runtime.State<kotlin.Boolean> [val] declared in com.saferoute.presentation.components.SOSButtonKt.SOSButton' type=androidx.compose.runtime.State<kotlin.Boolean> origin=null
      block: BLOCK type=com.saferoute.presentation.components.SOSButtonKt.SOSButton.<no name provided> origin=null
        CLASS SUSPEND_LAMBDA CLASS name:<no name provided> modality:FINAL visibility:public/*package*/ superTypes:[kotlin.coroutines.jvm.internal.SuspendLambda; kotlin.jvm.functions.Function2<kotlinx.coroutines.CoroutineScope, kotlin.coroutines.Continuation<kotlin.Unit>?, kotlin.Any?>]
          $this: VALUE_PARAMETER INSTANCE_RECEIVER name:<this> type:com.saferoute.presentation.components.SOSButtonKt.SOSButton.<no name provided>
          FIELD name:label type:kotlin.Int visibility:public/*package*/
          CONSTRUCTOR SUSPEND_LAMBDA visibility:public/*package*/ <> ($countdownSeconds:kotlin.Int, $onClick:kotlin.Function0<kotlin.Unit>, $isPressedState$delegate:androidx.compose.runtime.State<kotlin.Boolean>, $isCountingDown$delegate:androidx.compose.runtime.MutableState<kotlin.Boolean>, $isPressed$delegate:androidx.compose.runtime.MutableState<kotlin.Boolean>, $countdown$delegate:androidx.compose.runtime.MutableState<kotlin.Int>, $completion:kotlin.coroutines.Continuation<com.saferoute.presentation.components.SOSButtonKt.SOSButton.<no name provided>>?) returnType:com.saferoute.presentation.components.SOSButtonKt.SOSButton.<no name provided> [primary]
            VALUE_PARAMETER BOUND_VALUE_PARAMETER name:$countdownSeconds index:0 type:kotlin.Int
            VALUE_PARAMETER BOUND_VALUE_PARAMETER name:$onClick index:1 type:kotlin.Function0<kotlin.Unit>
            VALUE_PARAMETER BOUND_VALUE_PARAMETER name:$isPressedState$delegate index:2 type:androidx.compose.runtime.State<kotlin.Boolean>
            VALUE_PARAMETER BOUND_VALUE_PARAMETER name:$isCountingDown$delegate index:3 type:androidx.compose.runtime.MutableState<kotlin.Boolean>
            VALUE_PARAMETER BOUND_VALUE_PARAMETER name:$isPressed$delegate index:4 type:androidx.compose.runtime.MutableState<kotlin.Boolean>
            VALUE_PARAMETER BOUND_VALUE_PARAMETER name:$countdown$delegate index:5 type:androidx.compose.runtime.MutableState<kotlin.Int>
            VALUE_PARAMETER name:$completion index:6 type:kotlin.coroutines.Continuation<com.saferoute.presentation.components.SOSButtonKt.SOSButton.<no name provided>>?
            BLOCK_BODY
              SET_FIELD 'FIELD FIELD_FOR_CAPTURED_VALUE name:$countdownSeconds type:kotlin.Int visibility:public/*package*/ [final]' type=kotlin.Unit origin=INITIALIZER_OF_FIELD_FOR_CAPTURED_VALUE
                receiver: GET_VAR '<this>: com.saferoute.presentation.components.SOSButtonKt.SOSButton.<no name provided> declared in com.saferoute.presentation.components.SOSButtonKt.SOSButton.<no name provided>' type=com.saferoute.presentation.components.SOSButtonKt.SOSButton.<no name provided> origin=null
                value: GET_VAR '$countdownSeconds: kotlin.Int declared in com.saferoute.presentation.components.SOSButtonKt.SOSButton.<no name provided>.<init>' type=kotlin.Int origin=null
              SET_FIELD 'FIELD FIELD_FOR_CAPTURED_VALUE name:$onClick type:kotlin.Function0<kotlin.Unit> visibility:public/*package*/ [final]' type=kotlin.Unit origin=INITIALIZER_OF_FIELD_FOR_CAPTURED_VALUE
                receiver: GET_VAR '<this>: com.saferoute.presentation.components.SOSButtonKt.SOSButton.<no name provided> declared in com.saferoute.presentation.components.SOSButtonKt.SOSButton.<no name provided>' type=com.saferoute.presentation.components.SOSButtonKt.SOSButton.<no name provided> origin=null
                value: GET_VAR '$onClick: kotlin.Function0<kotlin.Unit> declared in com.saferoute.presentation.components.SOSButtonKt.SOSButton.<no name provided>.<init>' type=kotlin.Function0<kotlin.Unit> origin=null
              SET_FIELD 'FIELD FIELD_FOR_CAPTURED_VALUE name:$isPressedState$delegate type:androidx.compose.runtime.State<kotlin.Boolean> visibility:public/*package*/ [final]' type=kotlin.Unit origin=INITIALIZER_OF_FIELD_FOR_CAPTURED_VALUE
                receiver: GET_VAR '<this>: com.saferoute.presentation.components.SOSButtonKt.SOSButton.<no name provided> declared in com.saferoute.presentation.components.SOSButtonKt.SOSButton.<no name provided>' type=com.saferoute.presentation.components.SOSButtonKt.SOSButton.<no name provided> origin=null
                value: GET_VAR '$isPressedState$delegate: androidx.compose.runtime.State<kotlin.Boolean> declared in com.saferoute.presentation.components.SOSButtonKt.SOSButton.<no name provided>.<init>' type=androidx.compose.runtime.State<kotlin.Boolean> origin=null
              SET_FIELD 'FIELD FIELD_FOR_CAPTURED_VALUE name:$isCountingDown$delegate type:androidx.compose.runtime.MutableState<kotlin.Boolean> visibility:public/*package*/ [final]' type=kotlin.Unit origin=INITIALIZER_OF_FIELD_FOR_CAPTURED_VALUE
                receiver: GET_VAR '<this>: com.saferoute.presentation.components.SOSButtonKt.SOSButton.<no name provided> declared in com.saferoute.presentation.components.SOSButtonKt.SOSButton.<no name provided>' type=com.saferoute.presentation.components.SOSButtonKt.SOSButton.<no name provided> origin=null
                value: GET_VAR '$isCountingDown$delegate: androidx.compose.runtime.MutableState<kotlin.Boolean> declared in com.saferoute.presentation.components.SOSButtonKt.SOSButton.<no name provided>.<init>' type=androidx.compose.runtime.MutableState<kotlin.Boolean> origin=null
              SET_FIELD 'FIELD FIELD_FOR_CAPTURED_VALUE name:$isPressed$delegate type:androidx.compose.runtime.MutableState<kotlin.Boolean> visibility:public/*package*/ [final]' type=kotlin.Unit origin=INITIALIZER_OF_FIELD_FOR_CAPTURED_VALUE
                receiver: GET_VAR '<this>: com.saferoute.presentation.components.SOSButtonKt.SOSButton.<no name provided> declared in com.saferoute.presentation.components.SOSButtonKt.SOSButton.<no name provided>' type=com.saferoute.presentation.components.SOSButtonKt.SOSButton.<no name provided> origin=null
                value: GET_VAR '$isPressed$delegate: androidx.compose.runtime.MutableState<kotlin.Boolean> declared in com.saferoute.presentation.components.SOSButtonKt.SOSButton.<no name provided>.<init>' type=androidx.compose.runtime.MutableState<kotlin.Boolean> origin=null
              SET_FIELD 'FIELD FIELD_FOR_CAPTURED_VALUE name:$countdown$delegate type:androidx.compose.runtime.MutableState<kotlin.Int> visibility:public/*package*/ [final]' type=kotlin.Unit origin=INITIALIZER_OF_FIELD_FOR_CAPTURED_VALUE
                receiver: GET_VAR '<this>: com.saferoute.presentation.components.SOSButtonKt.SOSButton.<no name provided> declared in com.saferoute.presentation.components.SOSButtonKt.SOSButton.<no name provided>' type=com.saferoute.presentation.components.SOSButtonKt.SOSButton.<no name provided> origin=null
                value: GET_VAR '$countdown$delegate: androidx.compose.runtime.MutableState<kotlin.Int> declared in com.saferoute.presentation.components.SOSButtonKt.SOSButton.<no name provided>.<init>' type=androidx.compose.runtime.MutableState<kotlin.Int> origin=null
              DELEGATING_CONSTRUCTOR_CALL 'public constructor <init> (arity: kotlin.Int, $completion: kotlin.coroutines.Continuation<kotlin.Any?>?) declared in kotlin.coroutines.jvm.internal.SuspendLambda'
                arity: CONST Int type=kotlin.Int value=2
                $completion: GET_VAR '$completion: kotlin.coroutines.Continuation<com.saferoute.presentation.components.SOSButtonKt.SOSButton.<no name provided>>? declared in com.saferoute.presentation.components.SOSButtonKt.SOSButton.<no name provided>.<init>' type=kotlin.coroutines.Continuation<com.saferoute.presentation.components.SOSButtonKt.SOSButton.<no name provided>>? origin=null
              BLOCK type=kotlin.Unit origin=null
          FUN name:invokeSuspend visibility:public modality:FINAL <> ($this:com.saferoute.presentation.components.SOSButtonKt.SOSButton.<no name provided>, $result:kotlin.Result<kotlin.Any?>) returnType:kotlin.Any?
            overridden:
              protected abstract fun invokeSuspend ($result: kotlin.Result<kotlin.Any?>): kotlin.Any? declared in kotlin.coroutines.jvm.internal.SuspendLambda
            $this: VALUE_PARAMETER INSTANCE_RECEIVER name:<this> type:com.saferoute.presentation.components.SOSButtonKt.SOSButton.<no name provided>
            VALUE_PARAMETER name:$result index:0 type:kotlin.Result<kotlin.Any?>
            BLOCK_BODY
              WHEN type=kotlin.Unit origin=IF
                BRANCH
                  if: CALL 'public final fun ANDAND (arg0: kotlin.Boolean, arg1: kotlin.Boolean): kotlin.Boolean declared in kotlin.internal.ir' type=kotlin.Boolean origin=null
                    arg0: CALL 'public final fun access$SOSButton$lambda$10 ($isPressedState$delegate: androidx.compose.runtime.State<kotlin.Boolean>): kotlin.Boolean declared in com.saferoute.presentation.components.SOSButtonKt' type=kotlin.Boolean origin=GET_LOCAL_PROPERTY
                      $isPressedState$delegate: GET_FIELD 'FIELD FIELD_FOR_CAPTURED_VALUE name:$isPressedState$delegate type:androidx.compose.runtime.State<kotlin.Boolean> visibility:public/*package*/ [final]' type=androidx.compose.runtime.State<kotlin.Boolean> origin=null
                        receiver: GET_VAR '<this>: com.saferoute.presentation.components.SOSButtonKt.SOSButton.<no name provided> declared in com.saferoute.presentation.components.SOSButtonKt.SOSButton.<no name provided>.invokeSuspend' type=com.saferoute.presentation.components.SOSButtonKt.SOSButton.<no name provided> origin=null
                    arg1: CALL 'public final fun not (): kotlin.Boolean [operator] declared in kotlin.Boolean' type=kotlin.Boolean origin=EXCL
                      $this: CALL 'public final fun access$SOSButton$lambda$7 ($isCountingDown$delegate: androidx.compose.runtime.MutableState<kotlin.Boolean>): kotlin.Boolean declared in com.saferoute.presentation.components.SOSButtonKt' type=kotlin.Boolean origin=GET_LOCAL_PROPERTY
                        $isCountingDown$delegate: GET_FIELD 'FIELD FIELD_FOR_CAPTURED_VALUE name:$isCountingDown$delegate type:androidx.compose.runtime.MutableState<kotlin.Boolean> visibility:public/*package*/ [final]' type=androidx.compose.runtime.MutableState<kotlin.Boolean> origin=null
                          receiver: GET_VAR '<this>: com.saferoute.presentation.components.SOSButtonKt.SOSButton.<no name provided> declared in com.saferoute.presentation.components.SOSButtonKt.SOSButton.<no name provided>.invokeSuspend' type=com.saferoute.presentation.components.SOSButtonKt.SOSButton.<no name provided> origin=null
                  then: BLOCK type=kotlin.Unit origin=null
                    CALL 'public final fun access$SOSButton$lambda$2 ($isPressed$delegate: androidx.compose.runtime.MutableState<kotlin.Boolean>, value: kotlin.Boolean): kotlin.Unit declared in com.saferoute.presentation.components.SOSButtonKt' type=kotlin.Unit origin=EQ
                      $isPressed$delegate: GET_FIELD 'FIELD FIELD_FOR_CAPTURED_VALUE name:$isPressed$delegate type:androidx.compose.runtime.MutableState<kotlin.Boolean> visibility:public/*package*/ [final]' type=androidx.compose.runtime.MutableState<kotlin.Boolean> origin=null
                        receiver: GET_VAR '<this>: com.saferoute.presentation.components.SOSButtonKt.SOSButton.<no name provided> declared in com.saferoute.presentation.components.SOSButtonKt.SOSButton.<no name provided>.invokeSuspend' type=com.saferoute.presentation.components.SOSButtonKt.SOSButton.<no name provided> origin=null
                      value: CONST Boolean type=kotlin.Boolean value=true
                    CALL 'public final fun access$SOSButton$lambda$8 ($isCountingDown$delegate: androidx.compose.runtime.MutableState<kotlin.Boolean>, value: kotlin.Boolean): kotlin.Unit declared in com.saferoute.presentation.components.SOSButtonKt' type=kotlin.Unit origin=EQ
                      $isCountingDown$delegate: GET_FIELD 'FIELD FIELD_FOR_CAPTURED_VALUE name:$isCountingDown$delegate type:androidx.compose.runtime.MutableState<kotlin.Boolean> visibility:public/*package*/ [final]' type=androidx.compose.runtime.MutableState<kotlin.Boolean> origin=null
                        receiver: GET_VAR '<this>: com.saferoute.presentation.components.SOSButtonKt.SOSButton.<no name provided> declared in com.saferoute.presentation.components.SOSButtonKt.SOSButton.<no name provided>.invokeSuspend' type=com.saferoute.presentation.components.SOSButtonKt.SOSButton.<no name provided> origin=null
                      value: CONST Boolean type=kotlin.Boolean value=true
                    CALL 'public final fun access$SOSButton$lambda$5 ($countdown$delegate: androidx.compose.runtime.MutableState<kotlin.Int>, value: kotlin.Int): kotlin.Unit declared in com.saferoute.presentation.components.SOSButtonKt' type=kotlin.Unit origin=EQ
                      $countdown$delegate: GET_FIELD 'FIELD FIELD_FOR_CAPTURED_VALUE name:$countdown$delegate type:androidx.compose.runtime.MutableState<kotlin.Int> visibility:public/*package*/ [final]' type=androidx.compose.runtime.MutableState<kotlin.Int> origin=null
                        receiver: GET_VAR '<this>: com.saferoute.presentation.components.SOSButtonKt.SOSButton.<no name provided> declared in com.saferoute.presentation.components.SOSButtonKt.SOSButton.<no name provided>.invokeSuspend' type=com.saferoute.presentation.components.SOSButtonKt.SOSButton.<no name provided> origin=null
                      value: GET_FIELD 'FIELD FIELD_FOR_CAPTURED_VALUE name:$countdownSeconds type:kotlin.Int visibility:public/*package*/ [final]' type=kotlin.Int origin=null
                        receiver: GET_VAR '<this>: com.saferoute.presentation.components.SOSButtonKt.SOSButton.<no name provided> declared in com.saferoute.presentation.components.SOSButtonKt.SOSButton.<no name provided>.invokeSuspend' type=com.saferoute.presentation.components.SOSButtonKt.SOSButton.<no name provided> origin=null
                    WHILE label=SOSButtonKt$SOSButton$<no name provided>$invokeSuspend$1 origin=WHILE_LOOP
                      condition: CALL 'public final fun greater (arg0: kotlin.Int, arg1: kotlin.Int): kotlin.Boolean declared in kotlin.internal.ir' type=kotlin.Boolean origin=GT
                        arg0: CALL 'public final fun access$SOSButton$lambda$4 ($countdown$delegate: androidx.compose.runtime.MutableState<kotlin.Int>): kotlin.Int declared in com.saferoute.presentation.components.SOSButtonKt' type=kotlin.Int origin=GET_LOCAL_PROPERTY
                          $countdown$delegate: GET_FIELD 'FIELD FIELD_FOR_CAPTURED_VALUE name:$countdown$delegate type:androidx.compose.runtime.MutableState<kotlin.Int> visibility:public/*package*/ [final]' type=androidx.compose.runtime.MutableState<kotlin.Int> origin=null
                            receiver: GET_VAR '<this>: com.saferoute.presentation.components.SOSButtonKt.SOSButton.<no name provided> declared in com.saferoute.presentation.components.SOSButtonKt.SOSButton.<no name provided>.invokeSuspend' type=com.saferoute.presentation.components.SOSButtonKt.SOSButton.<no name provided> origin=null
                        arg1: CONST Int type=kotlin.Int value=0
                      body: BLOCK type=kotlin.Unit origin=null
                        CALL 'public final fun delay (timeMillis: kotlin.Long, $completion: kotlin.coroutines.Continuation<kotlin.Unit>): kotlin.Any? [suspend] declared in kotlinx.coroutines.DelayKt' type=kotlin.Unit origin=null
                          timeMillis: CONST Long type=kotlin.Long value=1000
                          $completion: GET_VAR '<this>: com.saferoute.presentation.components.SOSButtonKt.SOSButton.<no name provided> declared in com.saferoute.presentation.components.SOSButtonKt.SOSButton.<no name provided>.invokeSuspend' type=com.saferoute.presentation.components.SOSButtonKt.SOSButton.<no name provided> origin=null
                        COMPOSITE type=kotlin.Unit origin=null
                          BLOCK type=kotlin.Int origin=POSTFIX_DECR
                            VAR IR_TEMPORARY_VARIABLE name:tmp0 type:kotlin.Int [val]
                              CALL 'public final fun access$SOSButton$lambda$4 ($countdown$delegate: androidx.compose.runtime.MutableState<kotlin.Int>): kotlin.Int declared in com.saferoute.presentation.components.SOSButtonKt' type=kotlin.Int origin=POSTFIX_DECR
                                $countdown$delegate: GET_FIELD 'FIELD FIELD_FOR_CAPTURED_VALUE name:$countdown$delegate type:androidx.compose.runtime.MutableState<kotlin.Int> visibility:public/*package*/ [final]' type=androidx.compose.runtime.MutableState<kotlin.Int> origin=null
                                  receiver: GET_VAR '<this>: com.saferoute.presentation.components.SOSButtonKt.SOSButton.<no name provided> declared in com.saferoute.presentation.components.SOSButtonKt.SOSButton.<no name provided>.invokeSuspend' type=com.saferoute.presentation.components.SOSButtonKt.SOSButton.<no name provided> origin=null
                            CALL 'public final fun access$SOSButton$lambda$5 ($countdown$delegate: androidx.compose.runtime.MutableState<kotlin.Int>, value: kotlin.Int): kotlin.Unit declared in com.saferoute.presentation.components.SOSButtonKt' type=kotlin.Unit origin=POSTFIX_DECR
                              $countdown$delegate: GET_FIELD 'FIELD FIELD_FOR_CAPTURED_VALUE name:$countdown$delegate type:androidx.compose.runtime.MutableState<kotlin.Int> visibility:public/*package*/ [final]' type=androidx.compose.runtime.MutableState<kotlin.Int> origin=null
                                receiver: GET_VAR '<this>: com.saferoute.presentation.components.SOSButtonKt.SOSButton.<no name provided> declared in com.saferoute.presentation.components.SOSButtonKt.SOSButton.<no name provided>.invokeSuspend' type=com.saferoute.presentation.components.SOSButtonKt.SOSButton.<no name provided> origin=null
                              value: CALL 'public final fun dec (): kotlin.Int [operator] declared in kotlin.Int' type=kotlin.Int origin=POSTFIX_DECR
                                $this: GET_VAR 'val tmp0: kotlin.Int [val] declared in com.saferoute.presentation.components.SOSButtonKt.SOSButton.<no name provided>.invokeSuspend' type=kotlin.Int origin=null
                            GET_VAR 'val tmp0: kotlin.Int [val] declared in com.saferoute.presentation.components.SOSButtonKt.SOSButton.<no name provided>.invokeSuspend' type=kotlin.Int origin=null
                          COMPOSITE type=kotlin.Unit origin=null
                    WHEN type=kotlin.Unit origin=IF
                      BRANCH
                        if: CALL 'public final fun access$SOSButton$lambda$1 ($isPressed$delegate: androidx.compose.runtime.MutableState<kotlin.Boolean>): kotlin.Boolean declared in com.saferoute.presentation.components.SOSButtonKt' type=kotlin.Boolean origin=GET_LOCAL_PROPERTY
                          $isPressed$delegate: GET_FIELD 'FIELD FIELD_FOR_CAPTURED_VALUE name:$isPressed$delegate type:androidx.compose.runtime.MutableState<kotlin.Boolean> visibility:public/*package*/ [final]' type=androidx.compose.runtime.MutableState<kotlin.Boolean> origin=null
                            receiver: GET_VAR '<this>: com.saferoute.presentation.components.SOSButtonKt.SOSButton.<no name provided> declared in com.saferoute.presentation.components.SOSButtonKt.SOSButton.<no name provided>.invokeSuspend' type=com.saferoute.presentation.components.SOSButtonKt.SOSButton.<no name provided> origin=null
                        then: BLOCK type=kotlin.Unit origin=null
                          CALL 'public abstract fun invoke (): R of kotlin.Function0 [operator] declared in kotlin.Function0' type=kotlin.Unit origin=INVOKE
                            $this: GET_FIELD 'FIELD FIELD_FOR_CAPTURED_VALUE name:$onClick type:kotlin.Function0<kotlin.Unit> visibility:public/*package*/ [final]' type=kotlin.Function0<kotlin.Unit> origin=null
                              receiver: GET_VAR '<this>: com.saferoute.presentation.components.SOSButtonKt.SOSButton.<no name provided> declared in com.saferoute.presentation.components.SOSButtonKt.SOSButton.<no name provided>.invokeSuspend' type=com.saferoute.presentation.components.SOSButtonKt.SOSButton.<no name provided> origin=null
                    CALL 'public final fun access$SOSButton$lambda$8 ($isCountingDown$delegate: androidx.compose.runtime.MutableState<kotlin.Boolean>, value: kotlin.Boolean): kotlin.Unit declared in com.saferoute.presentation.components.SOSButtonKt' type=kotlin.Unit origin=EQ
                      $isCountingDown$delegate: GET_FIELD 'FIELD FIELD_FOR_CAPTURED_VALUE name:$isCountingDown$delegate type:androidx.compose.runtime.MutableState<kotlin.Boolean> visibility:public/*package*/ [final]' type=androidx.compose.runtime.MutableState<kotlin.Boolean> origin=null
                        receiver: GET_VAR '<this>: com.saferoute.presentation.components.SOSButtonKt.SOSButton.<no name provided> declared in com.saferoute.presentation.components.SOSButtonKt.SOSButton.<no name provided>.invokeSuspend' type=com.saferoute.presentation.components.SOSButtonKt.SOSButton.<no name provided> origin=null
                      value: CONST Boolean type=kotlin.Boolean value=false
                    CALL 'public final fun access$SOSButton$lambda$2 ($isPressed$delegate: androidx.compose.runtime.MutableState<kotlin.Boolean>, value: kotlin.Boolean): kotlin.Unit declared in com.saferoute.presentation.components.SOSButtonKt' type=kotlin.Unit origin=EQ
                      $isPressed$delegate: GET_FIELD 'FIELD FIELD_FOR_CAPTURED_VALUE name:$isPressed$delegate type:androidx.compose.runtime.MutableState<kotlin.Boolean> visibility:public/*package*/ [final]' type=androidx.compose.runtime.MutableState<kotlin.Boolean> origin=null
                        receiver: GET_VAR '<this>: com.saferoute.presentation.components.SOSButtonKt.SOSButton.<no name provided> declared in com.saferoute.presentation.components.SOSButtonKt.SOSButton.<no name provided>.invokeSuspend' type=com.saferoute.presentation.components.SOSButtonKt.SOSButton.<no name provided> origin=null
                      value: CONST Boolean type=kotlin.Boolean value=false
                BRANCH
                  if: CALL 'public final fun not (): kotlin.Boolean [operator] declared in kotlin.Boolean' type=kotlin.Boolean origin=EXCL
                    $this: CALL 'public final fun access$SOSButton$lambda$10 ($isPressedState$delegate: androidx.compose.runtime.State<kotlin.Boolean>): kotlin.Boolean declared in com.saferoute.presentation.components.SOSButtonKt' type=kotlin.Boolean origin=GET_LOCAL_PROPERTY
                      $isPressedState$delegate: GET_FIELD 'FIELD FIELD_FOR_CAPTURED_VALUE name:$isPressedState$delegate type:androidx.compose.runtime.State<kotlin.Boolean> visibility:public/*package*/ [final]' type=androidx.compose.runtime.State<kotlin.Boolean> origin=null
                        receiver: GET_VAR '<this>: com.saferoute.presentation.components.SOSButtonKt.SOSButton.<no name provided> declared in com.saferoute.presentation.components.SOSButtonKt.SOSButton.<no name provided>.invokeSuspend' type=com.saferoute.presentation.components.SOSButtonKt.SOSButton.<no name provided> origin=null
                  then: BLOCK type=kotlin.Unit origin=null
                    CALL 'public final fun access$SOSButton$lambda$2 ($isPressed$delegate: androidx.compose.runtime.MutableState<kotlin.Boolean>, value: kotlin.Boolean): kotlin.Unit declared in com.saferoute.presentation.components.SOSButtonKt' type=kotlin.Unit origin=EQ
                      $isPressed$delegate: GET_FIELD 'FIELD FIELD_FOR_CAPTURED_VALUE name:$isPressed$delegate type:androidx.compose.runtime.MutableState<kotlin.Boolean> visibility:public/*package*/ [final]' type=androidx.compose.runtime.MutableState<kotlin.Boolean> origin=null
                        receiver: GET_VAR '<this>: com.saferoute.presentation.components.SOSButtonKt.SOSButton.<no name provided> declared in com.saferoute.presentation.components.SOSButtonKt.SOSButton.<no name provided>.invokeSuspend' type=com.saferoute.presentation.components.SOSButtonKt.SOSButton.<no name provided> origin=null
                      value: CONST Boolean type=kotlin.Boolean value=false
                    CALL 'public final fun access$SOSButton$lambda$8 ($isCountingDown$delegate: androidx.compose.runtime.MutableState<kotlin.Boolean>, value: kotlin.Boolean): kotlin.Unit declared in com.saferoute.presentation.components.SOSButtonKt' type=kotlin.Unit origin=EQ
                      $isCountingDown$delegate: GET_FIELD 'FIELD FIELD_FOR_CAPTURED_VALUE name:$isCountingDown$delegate type:androidx.compose.runtime.MutableState<kotlin.Boolean> visibility:public/*package*/ [final]' type=androidx.compose.runtime.MutableState<kotlin.Boolean> origin=null
                        receiver: GET_VAR '<this>: com.saferoute.presentation.components.SOSButtonKt.SOSButton.<no name provided> declared in com.saferoute.presentation.components.SOSButtonKt.SOSButton.<no name provided>.invokeSuspend' type=com.saferoute.presentation.components.SOSButtonKt.SOSButton.<no name provided> origin=null
                      value: CONST Boolean type=kotlin.Boolean value=false
                    CALL 'public final fun access$SOSButton$lambda$5 ($countdown$delegate: androidx.compose.runtime.MutableState<kotlin.Int>, value: kotlin.Int): kotlin.Unit declared in com.saferoute.presentation.components.SOSButtonKt' type=kotlin.Unit origin=EQ
                      $countdown$delegate: GET_FIELD 'FIELD FIELD_FOR_CAPTURED_VALUE name:$countdown$delegate type:androidx.compose.runtime.MutableState<kotlin.Int> visibility:public/*package*/ [final]' type=androidx.compose.runtime.MutableState<kotlin.Int> origin=null
                        receiver: GET_VAR '<this>: com.saferoute.presentation.components.SOSButtonKt.SOSButton.<no name provided> declared in com.saferoute.presentation.components.SOSButtonKt.SOSButton.<no name provided>.invokeSuspend' type=com.saferoute.presentation.components.SOSButtonKt.SOSButton.<no name provided> origin=null
                      value: GET_FIELD 'FIELD FIELD_FOR_CAPTURED_VALUE name:$countdownSeconds type:kotlin.Int visibility:public/*package*/ [final]' type=kotlin.Int origin=null
                        receiver: GET_VAR '<this>: com.saferoute.presentation.components.SOSButtonKt.SOSButton.<no name provided> declared in com.saferoute.presentation.components.SOSButtonKt.SOSButton.<no name provided>.invokeSuspend' type=com.saferoute.presentation.components.SOSButtonKt.SOSButton.<no name provided> origin=null
          FUN name:create visibility:public modality:FINAL <> ($this:com.saferoute.presentation.components.SOSButtonKt.SOSButton.<no name provided>, value:kotlin.Any?, $completion:kotlin.coroutines.Continuation<kotlin.Nothing>) returnType:kotlin.coroutines.Continuation<kotlin.Unit>
            overridden:
              public open fun create (value: kotlin.Any?, $completion: kotlin.coroutines.Continuation<kotlin.Nothing>): kotlin.coroutines.Continuation<kotlin.Unit> declared in kotlin.coroutines.jvm.internal.SuspendLambda
            $this: VALUE_PARAMETER INSTANCE_RECEIVER name:<this> type:com.saferoute.presentation.components.SOSButtonKt.SOSButton.<no name provided>
            VALUE_PARAMETER name:value index:0 type:kotlin.Any?
            VALUE_PARAMETER name:$completion index:1 type:kotlin.coroutines.Continuation<kotlin.Nothing>
            BLOCK_BODY
              RETURN type=kotlin.Nothing from='public final fun create (value: kotlin.Any?, $completion: kotlin.coroutines.Continuation<kotlin.Nothing>): kotlin.coroutines.Continuation<kotlin.Unit> declared in com.saferoute.presentation.components.SOSButtonKt.SOSButton.<no name provided>'
                CONSTRUCTOR_CALL 'public/*package*/ constructor <init> ($countdownSeconds: kotlin.Int, $onClick: kotlin.Function0<kotlin.Unit>, $isPressedState$delegate: androidx.compose.runtime.State<kotlin.Boolean>, $isCountingDown$delegate: androidx.compose.runtime.MutableState<kotlin.Boolean>, $isPressed$delegate: androidx.compose.runtime.MutableState<kotlin.Boolean>, $countdown$delegate: androidx.compose.runtime.MutableState<kotlin.Int>, $completion: kotlin.coroutines.Continuation<com.saferoute.presentation.components.SOSButtonKt.SOSButton.<no name provided>>?) [primary] declared in com.saferoute.presentation.components.SOSButtonKt.SOSButton.<no name provided>' type=com.saferoute.presentation.components.SOSButtonKt.SOSButton.<no name provided> origin=null
                  $countdownSeconds: GET_FIELD 'FIELD FIELD_FOR_CAPTURED_VALUE name:$countdownSeconds type:kotlin.Int visibility:public/*package*/ [final]' type=kotlin.Int origin=null
                    receiver: GET_VAR '<this>: com.saferoute.presentation.components.SOSButtonKt.SOSButton.<no name provided> declared in com.saferoute.presentation.components.SOSButtonKt.SOSButton.<no name provided>.create' type=com.saferoute.presentation.components.SOSButtonKt.SOSButton.<no name provided> origin=null
                  $onClick: GET_FIELD 'FIELD FIELD_FOR_CAPTURED_VALUE name:$onClick type:kotlin.Function0<kotlin.Unit> visibility:public/*package*/ [final]' type=kotlin.Function0<kotlin.Unit> origin=null
                    receiver: GET_VAR '<this>: com.saferoute.presentation.components.SOSButtonKt.SOSButton.<no name provided> declared in com.saferoute.presentation.components.SOSButtonKt.SOSButton.<no name provided>.create' type=com.saferoute.presentation.components.SOSButtonKt.SOSButton.<no name provided> origin=null
                  $isPressedState$delegate: GET_FIELD 'FIELD FIELD_FOR_CAPTURED_VALUE name:$isPressedState$delegate type:androidx.compose.runtime.State<kotlin.Boolean> visibility:public/*package*/ [final]' type=androidx.compose.runtime.State<kotlin.Boolean> origin=null
                    receiver: GET_VAR '<this>: com.saferoute.presentation.components.SOSButtonKt.SOSButton.<no name provided> declared in com.saferoute.presentation.components.SOSButtonKt.SOSButton.<no name provided>.create' type=com.saferoute.presentation.components.SOSButtonKt.SOSButton.<no name provided> origin=null
                  $isCountingDown$delegate: GET_FIELD 'FIELD FIELD_FOR_CAPTURED_VALUE name:$isCountingDown$delegate type:androidx.compose.runtime.MutableState<kotlin.Boolean> visibility:public/*package*/ [final]' type=androidx.compose.runtime.MutableState<kotlin.Boolean> origin=null
                    receiver: GET_VAR '<this>: com.saferoute.presentation.components.SOSButtonKt.SOSButton.<no name provided> declared in com.saferoute.presentation.components.SOSButtonKt.SOSButton.<no name provided>.create' type=com.saferoute.presentation.components.SOSButtonKt.SOSButton.<no name provided> origin=null
                  $isPressed$delegate: GET_FIELD 'FIELD FIELD_FOR_CAPTURED_VALUE name:$isPressed$delegate type:androidx.compose.runtime.MutableState<kotlin.Boolean> visibility:public/*package*/ [final]' type=androidx.compose.runtime.MutableState<kotlin.Boolean> origin=null
                    receiver: GET_VAR '<this>: com.saferoute.presentation.components.SOSButtonKt.SOSButton.<no name provided> declared in com.saferoute.presentation.components.SOSButtonKt.SOSButton.<no name provided>.create' type=com.saferoute.presentation.components.SOSButtonKt.SOSButton.<no name provided> origin=null
                  $countdown$delegate: GET_FIELD 'FIELD FIELD_FOR_CAPTURED_VALUE name:$countdown$delegate type:androidx.compose.runtime.MutableState<kotlin.Int> visibility:public/*package*/ [final]' type=androidx.compose.runtime.MutableState<kotlin.Int> origin=null
                    receiver: GET_VAR '<this>: com.saferoute.presentation.components.SOSButtonKt.SOSButton.<no name provided> declared in com.saferoute.presentation.components.SOSButtonKt.SOSButton.<no name provided>.create' type=com.saferoute.presentation.components.SOSButtonKt.SOSButton.<no name provided> origin=null
                  $completion: GET_VAR '$completion: kotlin.coroutines.Continuation<kotlin.Nothing> declared in com.saferoute.presentation.components.SOSButtonKt.SOSButton.<no name provided>.create' type=kotlin.coroutines.Continuation<kotlin.Nothing> origin=null
          FUN name:invoke visibility:public modality:FINAL <> ($this:com.saferoute.presentation.components.SOSButtonKt.SOSButton.<no name provided>, p1:kotlinx.coroutines.CoroutineScope, p2:kotlin.coroutines.Continuation<kotlin.Unit>?) returnType:kotlin.Any?
            overridden:
              public abstract fun invoke (p1: P1 of kotlin.jvm.functions.Function2, p2: P2 of kotlin.jvm.functions.Function2): R of kotlin.jvm.functions.Function2 declared in kotlin.jvm.functions.Function2
            $this: VALUE_PARAMETER INSTANCE_RECEIVER name:<this> type:com.saferoute.presentation.components.SOSButtonKt.SOSButton.<no name provided>
            VALUE_PARAMETER name:p1 index:0 type:kotlinx.coroutines.CoroutineScope
            VALUE_PARAMETER name:p2 index:1 type:kotlin.coroutines.Continuation<kotlin.Unit>?
            BLOCK_BODY
              RETURN type=kotlin.Nothing from='public final fun invoke (p1: kotlinx.coroutines.CoroutineScope, p2: kotlin.coroutines.Continuation<kotlin.Unit>?): kotlin.Any? declared in com.saferoute.presentation.components.SOSButtonKt.SOSButton.<no name provided>'
                CALL 'public final fun invokeSuspend ($result: kotlin.Result<kotlin.Any?>): kotlin.Any? declared in com.saferoute.presentation.components.SOSButtonKt.SOSButton.<no name provided>' type=kotlin.Any? origin=null
                  $this: TYPE_OP type=com.saferoute.presentation.components.SOSButtonKt.SOSButton.<no name provided> origin=IMPLICIT_CAST typeOperand=com.saferoute.presentation.components.SOSButtonKt.SOSButton.<no name provided>
                    CALL 'public final fun create (value: kotlin.Any?, $completion: kotlin.coroutines.Continuation<kotlin.Nothing>): kotlin.coroutines.Continuation<kotlin.Unit> declared in com.saferoute.presentation.components.SOSButtonKt.SOSButton.<no name provided>' type=kotlin.coroutines.Continuation<kotlin.Unit> origin=null
                      $this: GET_VAR '<this>: com.saferoute.presentation.components.SOSButtonKt.SOSButton.<no name provided> declared in com.saferoute.presentation.components.SOSButtonKt.SOSButton.<no name provided>.invoke' type=com.saferoute.presentation.components.SOSButtonKt.SOSButton.<no name provided> origin=null
                      value: GET_VAR 'p1: kotlinx.coroutines.CoroutineScope declared in com.saferoute.presentation.components.SOSButtonKt.SOSButton.<no name provided>.invoke' type=kotlinx.coroutines.CoroutineScope origin=null
                      $completion: GET_VAR 'p2: kotlin.coroutines.Continuation<kotlin.Unit>? declared in com.saferoute.presentation.components.SOSButtonKt.SOSButton.<no name provided>.invoke' type=kotlin.coroutines.Continuation<kotlin.Unit>? origin=null
                  $result: CALL 'public final fun <unsafe-coerce> <T, R> (v: T of kotlin.jvm.internal.<unsafe-coerce>): R of kotlin.jvm.internal.<unsafe-coerce> declared in kotlin.jvm.internal' type=kotlin.Result<kotlin.Any?> origin=null
                    <T>: kotlin.Any?
                    <R>: kotlin.Result<kotlin.Any?>
                    v: GET_FIELD 'FIELD FIELD_FOR_OBJECT_INSTANCE name:INSTANCE type:kotlin.Unit visibility:public [final,static]' type=kotlin.Unit origin=null
          FIELD FIELD_FOR_CAPTURED_VALUE name:$countdownSeconds type:kotlin.Int visibility:public/*package*/ [final]
          FIELD FIELD_FOR_CAPTURED_VALUE name:$onClick type:kotlin.Function0<kotlin.Unit> visibility:public/*package*/ [final]
          FIELD FIELD_FOR_CAPTURED_VALUE name:$isPressedState$delegate type:androidx.compose.runtime.State<kotlin.Boolean> visibility:public/*package*/ [final]
          FIELD FIELD_FOR_CAPTURED_VALUE name:$isCountingDown$delegate type:androidx.compose.runtime.MutableState<kotlin.Boolean> visibility:public/*package*/ [final]
          FIELD FIELD_FOR_CAPTURED_VALUE name:$isPressed$delegate type:androidx.compose.runtime.MutableState<kotlin.Boolean> visibility:public/*package*/ [final]
          FIELD FIELD_FOR_CAPTURED_VALUE name:$countdown$delegate type:androidx.compose.runtime.MutableState<kotlin.Int> visibility:public/*package*/ [final]
          FUN BRIDGE name:invoke visibility:public modality:OPEN <> ($this:com.saferoute.presentation.components.SOSButtonKt.SOSButton.<no name provided>, p1:kotlin.Any?, p2:kotlin.Any?) returnType:kotlin.Any?
            $this: VALUE_PARAMETER INSTANCE_RECEIVER name:<this> type:com.saferoute.presentation.components.SOSButtonKt.SOSButton.<no name provided>
            VALUE_PARAMETER BRIDGE name:p1 index:0 type:kotlin.Any?
            VALUE_PARAMETER BRIDGE name:p2 index:1 type:kotlin.Any?
            EXPRESSION_BODY
              RETURN type=kotlin.Nothing from='public open fun invoke (p1: kotlin.Any?, p2: kotlin.Any?): kotlin.Any? declared in com.saferoute.presentation.components.SOSButtonKt.SOSButton.<no name provided>'
                CALL 'public final fun invoke (p1: kotlinx.coroutines.CoroutineScope, p2: kotlin.coroutines.Continuation<kotlin.Unit>?): kotlin.Any? declared in com.saferoute.presentation.components.SOSButtonKt.SOSButton.<no name provided>' type=kotlin.Any? origin=BRIDGE_DELEGATION
                  $this: GET_VAR '<this>: com.saferoute.presentation.components.SOSButtonKt.SOSButton.<no name provided> declared in com.saferoute.presentation.components.SOSButtonKt.SOSButton.<no name provided>.invoke' type=com.saferoute.presentation.components.SOSButtonKt.SOSButton.<no name provided> origin=null
                  p1: TYPE_OP type=kotlinx.coroutines.CoroutineScope origin=IMPLICIT_CAST typeOperand=kotlinx.coroutines.CoroutineScope
                    GET_VAR 'p1: kotlin.Any? declared in com.saferoute.presentation.components.SOSButtonKt.SOSButton.<no name provided>.invoke' type=kotlin.Any? origin=null
                  p2: TYPE_OP type=kotlin.coroutines.Continuation<*> origin=IMPLICIT_CAST typeOperand=kotlin.coroutines.Continuation<*>
                    GET_VAR 'p2: kotlin.Any? declared in com.saferoute.presentation.components.SOSButtonKt.SOSButton.<no name provided>.invoke' type=kotlin.Any? origin=null
        CONSTRUCTOR_CALL 'public/*package*/ constructor <init> ($countdownSeconds: kotlin.Int, $onClick: kotlin.Function0<kotlin.Unit>, $isPressedState$delegate: androidx.compose.runtime.State<kotlin.Boolean>, $isCountingDown$delegate: androidx.compose.runtime.MutableState<kotlin.Boolean>, $isPressed$delegate: androidx.compose.runtime.MutableState<kotlin.Boolean>, $countdown$delegate: androidx.compose.runtime.MutableState<kotlin.Int>, $completion: kotlin.coroutines.Continuation<com.saferoute.presentation.components.SOSButtonKt.SOSButton.<no name provided>>?) [primary] declared in com.saferoute.presentation.components.SOSButtonKt.SOSButton.<no name provided>' type=com.saferoute.presentation.components.SOSButtonKt.SOSButton.<no name provided> origin=null
          $countdownSeconds: GET_VAR 'countdownSeconds: kotlin.Int declared in com.saferoute.presentation.components.SOSButtonKt.SOSButton' type=kotlin.Int origin=null
          $onClick: GET_VAR 'onClick: kotlin.Function0<kotlin.Unit> declared in com.saferoute.presentation.components.SOSButtonKt.SOSButton' type=kotlin.Function0<kotlin.Unit> origin=null
          $isPressedState$delegate: GET_VAR 'val isPressedState$delegate: androidx.compose.runtime.State<kotlin.Boolean> [val] declared in com.saferoute.presentation.components.SOSButtonKt.SOSButton' type=androidx.compose.runtime.State<kotlin.Boolean> origin=null
          $isCountingDown$delegate: GET_VAR 'val isCountingDown$delegate: androidx.compose.runtime.MutableState<kotlin.Boolean> [val] declared in com.saferoute.presentation.components.SOSButtonKt.SOSButton' type=androidx.compose.runtime.MutableState<kotlin.Boolean> origin=null
          $isPressed$delegate: GET_VAR 'val isPressed$delegate: androidx.compose.runtime.MutableState<kotlin.Boolean> [val] declared in com.saferoute.presentation.components.SOSButtonKt.SOSButton' type=androidx.compose.runtime.MutableState<kotlin.Boolean> origin=null
          $countdown$delegate: GET_VAR 'val countdown$delegate: androidx.compose.runtime.MutableState<kotlin.Int> [val] declared in com.saferoute.presentation.components.SOSButtonKt.SOSButton' type=androidx.compose.runtime.MutableState<kotlin.Int> origin=null
          $completion: CONST Null type=kotlin.Nothing? value=null
    CALL 'public final fun Box$default (modifier: androidx.compose.ui.Modifier?, contentAlignment: androidx.compose.ui.Alignment?, propagateMinConstraints: kotlin.Boolean, content: @[Composable] @[ExtensionFunctionType] kotlin.Function1<androidx.compose.foundation.layout.BoxScope, kotlin.Unit>, $mask0: kotlin.Int, $handler: kotlin.Any?): kotlin.Unit [inline] declared in androidx.compose.foundation.layout.BoxKt' type=kotlin.Unit origin=DEFAULT_DISPATCH_CALL
      modifier: CALL 'public final fun clickable-O2vRcR0$default (interactionSource: androidx.compose.foundation.interaction.MutableInteractionSource, indication: androidx.compose.foundation.Indication?, enabled: kotlin.Boolean, onClickLabel: kotlin.String?, role: androidx.compose.ui.semantics.Role?, onClick: kotlin.Function0<kotlin.Unit>, $mask0: kotlin.Int, $handler: kotlin.Any?): androidx.compose.ui.Modifier declared in androidx.compose.foundation.ClickableKt' type=androidx.compose.ui.Modifier origin=DEFAULT_DISPATCH_CALL
        $receiver: CALL 'public final fun background$default (brush: androidx.compose.ui.graphics.Brush, shape: androidx.compose.ui.graphics.Shape?, alpha: kotlin.Float, $mask0: kotlin.Int, $handler: kotlin.Any?): androidx.compose.ui.Modifier declared in androidx.compose.foundation.BackgroundKt' type=androidx.compose.ui.Modifier origin=DEFAULT_DISPATCH_CALL
          $receiver: CALL 'public final fun shadow-s4CzXII$default (elevation: androidx.compose.ui.unit.Dp, shape: androidx.compose.ui.graphics.Shape?, clip: kotlin.Boolean, ambientColor: androidx.compose.ui.graphics.Color, spotColor: androidx.compose.ui.graphics.Color, $mask0: kotlin.Int, $handler: kotlin.Any?): androidx.compose.ui.Modifier declared in androidx.compose.ui.draw.ShadowKt' type=androidx.compose.ui.Modifier origin=DEFAULT_DISPATCH_CALL
            $receiver: CALL 'public final fun scale (scale: kotlin.Float): androidx.compose.ui.Modifier declared in androidx.compose.ui.draw.ScaleKt' type=androidx.compose.ui.Modifier origin=null
              $receiver: GET_VAR 'modifier: androidx.compose.ui.Modifier declared in com.saferoute.presentation.components.SOSButtonKt.SOSButton' type=androidx.compose.ui.Modifier origin=null
              scale: CALL 'private final fun SOSButton$lambda$11 ($scale$delegate: androidx.compose.runtime.State<kotlin.Float>): kotlin.Float declared in com.saferoute.presentation.components.SOSButtonKt' type=kotlin.Float origin=GET_LOCAL_PROPERTY
                $scale$delegate: GET_VAR 'val scale$delegate: androidx.compose.runtime.State<kotlin.Float> [val] declared in com.saferoute.presentation.components.SOSButtonKt.SOSButton' type=androidx.compose.runtime.State<kotlin.Float> origin=null
            elevation: WHEN type=androidx.compose.ui.unit.Dp origin=IF
              BRANCH
                if: CALL 'private final fun SOSButton$lambda$10 ($isPressedState$delegate: androidx.compose.runtime.State<kotlin.Boolean>): kotlin.Boolean declared in com.saferoute.presentation.components.SOSButtonKt' type=kotlin.Boolean origin=GET_LOCAL_PROPERTY
                  $isPressedState$delegate: GET_VAR 'val isPressedState$delegate: androidx.compose.runtime.State<kotlin.Boolean> [val] declared in com.saferoute.presentation.components.SOSButtonKt.SOSButton' type=androidx.compose.runtime.State<kotlin.Boolean> origin=null
                then: CALL 'public final fun <get-dp> (): androidx.compose.ui.unit.Dp [inline] declared in androidx.compose.ui.unit.DpKt' type=androidx.compose.ui.unit.Dp origin=GET_PROPERTY
                  $receiver: CONST Int type=kotlin.Int value=8
              BRANCH
                if: CONST Boolean type=kotlin.Boolean value=true
                then: CALL 'public final fun <get-dp> (): androidx.compose.ui.unit.Dp [inline] declared in androidx.compose.ui.unit.DpKt' type=androidx.compose.ui.unit.Dp origin=GET_PROPERTY
                  $receiver: CONST Int type=kotlin.Int value=20
            shape: CALL 'public final fun <get-CircleShape> (): androidx.compose.foundation.shape.RoundedCornerShape declared in androidx.compose.foundation.shape.RoundedCornerShapeKt' type=androidx.compose.foundation.shape.RoundedCornerShape origin=GET_PROPERTY
            clip: COMPOSITE type=kotlin.Boolean origin=DEFAULT_VALUE
              CONST Boolean type=kotlin.Boolean value=false
            ambientColor: COMPOSITE type=androidx.compose.ui.graphics.Color origin=DEFAULT_VALUE
              CALL 'public final fun <unsafe-coerce> <T, R> (v: T of kotlin.jvm.internal.<unsafe-coerce>): R of kotlin.jvm.internal.<unsafe-coerce> declared in kotlin.jvm.internal' type=androidx.compose.ui.graphics.Color origin=null
                <T>: kotlin.Long
                <R>: androidx.compose.ui.graphics.Color
                v: CONST Long type=kotlin.Long value=0
            spotColor: CALL 'public final fun copy-wmQWz5c$default (arg0: androidx.compose.ui.graphics.Color, alpha: kotlin.Float, red: kotlin.Float, green: kotlin.Float, blue: kotlin.Float, $mask0: kotlin.Int, $handler: kotlin.Any?): androidx.compose.ui.graphics.Color declared in androidx.compose.ui.graphics.Color' type=androidx.compose.ui.graphics.Color origin=DEFAULT_DISPATCH_CALL
              arg0: CALL 'public final fun <get-AlertRed> (): androidx.compose.ui.graphics.Color declared in com.saferoute.presentation.theme.ColorKt' type=androidx.compose.ui.graphics.Color origin=GET_PROPERTY
              alpha: CONST Float type=kotlin.Float value=0.5
              red: COMPOSITE type=kotlin.Float origin=DEFAULT_VALUE
                CONST Float type=kotlin.Float value=0.0
              green: COMPOSITE type=kotlin.Float origin=DEFAULT_VALUE
                CONST Float type=kotlin.Float value=0.0
              blue: COMPOSITE type=kotlin.Float origin=DEFAULT_VALUE
                CONST Float type=kotlin.Float value=0.0
              $mask0: CONST Int type=kotlin.Int value=14
              $handler: CONST Null type=kotlin.Any? value=null
            $mask0: CONST Int type=kotlin.Int value=12
            $handler: CONST Null type=kotlin.Any? value=null
          brush: CALL 'public final fun radialGradient-P_Vx-Ks$default ($this: androidx.compose.ui.graphics.Brush.Companion, colors: kotlin.collections.List<androidx.compose.ui.graphics.Color>, center: androidx.compose.ui.geometry.Offset, radius: kotlin.Float, tileMode: androidx.compose.ui.graphics.TileMode, $mask0: kotlin.Int, $handler: kotlin.Any?): androidx.compose.ui.graphics.Brush declared in androidx.compose.ui.graphics.Brush.Companion' type=androidx.compose.ui.graphics.Brush origin=DEFAULT_DISPATCH_CALL
            $this: GET_FIELD 'FIELD FIELD_FOR_OBJECT_INSTANCE name:Companion type:androidx.compose.ui.graphics.Brush.Companion visibility:public [final,static]' type=androidx.compose.ui.graphics.Brush.Companion origin=null
            colors: CALL 'public final fun listOf <T> (vararg elements: T of kotlin.collections.CollectionsKt.listOf): kotlin.collections.List<T of kotlin.collections.CollectionsKt.listOf> declared in kotlin.collections.CollectionsKt' type=kotlin.collections.List<androidx.compose.ui.graphics.Color> origin=null
              <T>: androidx.compose.ui.graphics.Color
              elements: BLOCK type=kotlin.Array<out androidx.compose.ui.graphics.Color> origin=null
                VAR IR_TEMPORARY_VARIABLE name:tmp0 type:kotlin.Array<out androidx.compose.ui.graphics.Color> [val]
                  CALL 'public final fun arrayOfNulls <T> (size: kotlin.Int): kotlin.Array<T of kotlin.arrayOfNulls?> declared in kotlin' type=kotlin.Array<out androidx.compose.ui.graphics.Color> origin=null
                    <T>: androidx.compose.ui.graphics.Color
                    size: CONST Int type=kotlin.Int value=2
                CALL 'public final fun set (index: kotlin.Int, value: T of kotlin.Array): kotlin.Unit [operator] declared in kotlin.Array' type=kotlin.Unit origin=null
                  $this: GET_VAR 'val tmp0: kotlin.Array<out androidx.compose.ui.graphics.Color> [val] declared in com.saferoute.presentation.components.SOSButtonKt.SOSButton' type=kotlin.Array<out androidx.compose.ui.graphics.Color> origin=null
                  index: CONST Int type=kotlin.Int value=0
                  value: CALL 'public final fun <get-SOSGradientStart> (): androidx.compose.ui.graphics.Color declared in com.saferoute.presentation.theme.ColorKt' type=androidx.compose.ui.graphics.Color origin=GET_PROPERTY
                CALL 'public final fun set (index: kotlin.Int, value: T of kotlin.Array): kotlin.Unit [operator] declared in kotlin.Array' type=kotlin.Unit origin=null
                  $this: GET_VAR 'val tmp0: kotlin.Array<out androidx.compose.ui.graphics.Color> [val] declared in com.saferoute.presentation.components.SOSButtonKt.SOSButton' type=kotlin.Array<out androidx.compose.ui.graphics.Color> origin=null
                  index: CONST Int type=kotlin.Int value=1
                  value: CALL 'public final fun <get-SOSGradientEnd> (): androidx.compose.ui.graphics.Color declared in com.saferoute.presentation.theme.ColorKt' type=androidx.compose.ui.graphics.Color origin=GET_PROPERTY
                GET_VAR 'val tmp0: kotlin.Array<out androidx.compose.ui.graphics.Color> [val] declared in com.saferoute.presentation.components.SOSButtonKt.SOSButton' type=kotlin.Array<out androidx.compose.ui.graphics.Color> origin=null
            center: COMPOSITE type=androidx.compose.ui.geometry.Offset origin=DEFAULT_VALUE
              CALL 'public final fun <unsafe-coerce> <T, R> (v: T of kotlin.jvm.internal.<unsafe-coerce>): R of kotlin.jvm.internal.<unsafe-coerce> declared in kotlin.jvm.internal' type=androidx.compose.ui.geometry.Offset origin=null
                <T>: kotlin.Long
                <R>: androidx.compose.ui.geometry.Offset
                v: CONST Long type=kotlin.Long value=0
            radius: COMPOSITE type=kotlin.Float origin=DEFAULT_VALUE
              CONST Float type=kotlin.Float value=0.0
            tileMode: COMPOSITE type=androidx.compose.ui.graphics.TileMode origin=DEFAULT_VALUE
              CALL 'public final fun <unsafe-coerce> <T, R> (v: T of kotlin.jvm.internal.<unsafe-coerce>): R of kotlin.jvm.internal.<unsafe-coerce> declared in kotlin.jvm.internal' type=androidx.compose.ui.graphics.TileMode origin=null
                <T>: kotlin.Int
                <R>: androidx.compose.ui.graphics.TileMode
                v: CONST Int type=kotlin.Int value=0
            $mask0: CONST Int type=kotlin.Int value=14
            $handler: CONST Null type=kotlin.Any? value=null
          shape: CALL 'public final fun <get-CircleShape> (): androidx.compose.foundation.shape.RoundedCornerShape declared in androidx.compose.foundation.shape.RoundedCornerShapeKt' type=androidx.compose.foundation.shape.RoundedCornerShape origin=GET_PROPERTY
          alpha: COMPOSITE type=kotlin.Float origin=DEFAULT_VALUE
            CONST Float type=kotlin.Float value=0.0
          $mask0: CONST Int type=kotlin.Int value=4
          $handler: CONST Null type=kotlin.Any? value=null
        interactionSource: GET_VAR 'val interactionSource: androidx.compose.foundation.interaction.MutableInteractionSource [val] declared in com.saferoute.presentation.components.SOSButtonKt.SOSButton' type=androidx.compose.foundation.interaction.MutableInteractionSource origin=null
        indication: CONST Null type=kotlin.Nothing? value=null
        enabled: COMPOSITE type=kotlin.Boolean origin=DEFAULT_VALUE
          CONST Boolean type=kotlin.Boolean value=false
        onClickLabel: COMPOSITE type=kotlin.String? origin=DEFAULT_VALUE
          CONST Null type=kotlin.String? value=null
        role: COMPOSITE type=androidx.compose.ui.semantics.Role? origin=DEFAULT_VALUE
          CONST Null type=androidx.compose.ui.semantics.Role? value=null
        onClick: BLOCK type=com.saferoute.presentation.components.SOSButtonKt.SOSButton.<no name provided> origin=null
          CLASS LAMBDA_IMPL CLASS name:<no name provided> modality:FINAL visibility:public/*package*/ superTypes:[kotlin.jvm.internal.Lambda; kotlin.Function0<kotlin.Unit>]
            $this: VALUE_PARAMETER INSTANCE_RECEIVER name:<this> type:com.saferoute.presentation.components.SOSButtonKt.SOSButton.<no name provided>
            CONSTRUCTOR GENERATED_MEMBER_IN_CALLABLE_REFERENCE visibility:public/*package*/ <> () returnType:com.saferoute.presentation.components.SOSButtonKt.SOSButton.<no name provided> [primary]
              BLOCK_BODY
                DELEGATING_CONSTRUCTOR_CALL 'public constructor <init> (arity: kotlin.Int) declared in kotlin.jvm.internal.Lambda'
                  arity: CONST Int type=kotlin.Int value=0
                BLOCK type=kotlin.Unit origin=null
            FUN name:invoke visibility:public modality:FINAL <> ($this:com.saferoute.presentation.components.SOSButtonKt.SOSButton.<no name provided>) returnType:kotlin.Unit
              overridden:
                public abstract fun invoke (): R of kotlin.Function0 [operator] declared in kotlin.Function0
              $this: VALUE_PARAMETER INSTANCE_RECEIVER name:<this> type:com.saferoute.presentation.components.SOSButtonKt.SOSButton.<no name provided>
              BLOCK_BODY
                RETURN type=kotlin.Nothing from='public final fun invoke (): kotlin.Unit declared in com.saferoute.presentation.components.SOSButtonKt.SOSButton.<no name provided>'
                  GET_FIELD 'FIELD FIELD_FOR_OBJECT_INSTANCE name:INSTANCE type:kotlin.Unit visibility:public [final,static]' type=kotlin.Unit origin=null
            FIELD FIELD_FOR_OBJECT_INSTANCE name:INSTANCE type:com.saferoute.presentation.components.SOSButtonKt.SOSButton.<no name provided> visibility:public [final,static]
            FUN CLASS_STATIC_INITIALIZER name:<clinit> visibility:public/*package*/ modality:FINAL <> () returnType:kotlin.Unit
              BLOCK_BODY
                SET_FIELD 'FIELD FIELD_FOR_OBJECT_INSTANCE name:INSTANCE type:com.saferoute.presentation.components.SOSButtonKt.SOSButton.<no name provided> visibility:public [final,static]' type=kotlin.Unit origin=INITIALIZE_FIELD
                  value: CONSTRUCTOR_CALL 'public/*package*/ constructor <init> () [primary] declared in com.saferoute.presentation.components.SOSButtonKt.SOSButton.<no name provided>' type=com.saferoute.presentation.components.SOSButtonKt.SOSButton.<no name provided> origin=null
            FUN BRIDGE name:invoke visibility:public modality:OPEN <> ($this:com.saferoute.presentation.components.SOSButtonKt.SOSButton.<no name provided>) returnType:kotlin.Any?
              $this: VALUE_PARAMETER INSTANCE_RECEIVER name:<this> type:com.saferoute.presentation.components.SOSButtonKt.SOSButton.<no name provided>
              EXPRESSION_BODY
                RETURN type=kotlin.Nothing from='public open fun invoke (): kotlin.Any? declared in com.saferoute.presentation.components.SOSButtonKt.SOSButton.<no name provided>'
                  CALL 'public final fun invoke (): kotlin.Unit declared in com.saferoute.presentation.components.SOSButtonKt.SOSButton.<no name provided>' type=kotlin.Unit origin=BRIDGE_DELEGATION
                    $this: GET_VAR '<this>: com.saferoute.presentation.components.SOSButtonKt.SOSButton.<no name provided> declared in com.saferoute.presentation.components.SOSButtonKt.SOSButton.<no name provided>.invoke' type=com.saferoute.presentation.components.SOSButtonKt.SOSButton.<no name provided> origin=null
          GET_FIELD 'FIELD FIELD_FOR_OBJECT_INSTANCE name:INSTANCE type:com.saferoute.presentation.components.SOSButtonKt.SOSButton.<no name provided> visibility:public [final,static]' type=com.saferoute.presentation.components.SOSButtonKt.SOSButton.<no name provided> origin=null
        $mask0: CONST Int type=kotlin.Int value=28
        $handler: CONST Null type=kotlin.Any? value=null
      contentAlignment: CALL 'public final fun <get-Center> (): androidx.compose.ui.Alignment declared in androidx.compose.ui.Alignment.Companion' type=androidx.compose.ui.Alignment origin=GET_PROPERTY
        $this: GET_FIELD 'FIELD FIELD_FOR_OBJECT_INSTANCE name:Companion type:androidx.compose.ui.Alignment.Companion visibility:public [final,static]' type=androidx.compose.ui.Alignment.Companion origin=null
      propagateMinConstraints: COMPOSITE type=kotlin.Boolean origin=DEFAULT_VALUE
        CONST Boolean type=kotlin.Boolean value=false
      content: BLOCK type=@[ExtensionFunctionType] kotlin.Function1<androidx.compose.foundation.layout.BoxScope, kotlin.Unit> origin=LAMBDA
        COMPOSITE type=kotlin.Unit origin=null
        FUNCTION_REFERENCE 'private final fun SOSButton$lambda$14 ($isPressed$delegate: androidx.compose.runtime.MutableState<kotlin.Boolean>, $pulseAnimation$delegate: androidx.compose.runtime.State<kotlin.Float>, $isCountingDown$delegate: androidx.compose.runtime.MutableState<kotlin.Boolean>, $countdown$delegate: androidx.compose.runtime.MutableState<kotlin.Int>): kotlin.Unit declared in com.saferoute.presentation.components.SOSButtonKt' type=@[ExtensionFunctionType] kotlin.Function1<androidx.compose.foundation.layout.BoxScope, kotlin.Unit> origin=INLINE_LAMBDA reflectionTarget=null
          $isPressed$delegate: GET_VAR 'val isPressed$delegate: androidx.compose.runtime.MutableState<kotlin.Boolean> [val] declared in com.saferoute.presentation.components.SOSButtonKt.SOSButton' type=androidx.compose.runtime.MutableState<kotlin.Boolean> origin=null
          $pulseAnimation$delegate: GET_VAR 'val pulseAnimation$delegate: androidx.compose.runtime.State<kotlin.Float> [val] declared in com.saferoute.presentation.components.SOSButtonKt.SOSButton' type=androidx.compose.runtime.State<kotlin.Float> origin=null
          $isCountingDown$delegate: GET_VAR 'val isCountingDown$delegate: androidx.compose.runtime.MutableState<kotlin.Boolean> [val] declared in com.saferoute.presentation.components.SOSButtonKt.SOSButton' type=androidx.compose.runtime.MutableState<kotlin.Boolean> origin=null
          $countdown$delegate: GET_VAR 'val countdown$delegate: androidx.compose.runtime.MutableState<kotlin.Int> [val] declared in com.saferoute.presentation.components.SOSButtonKt.SOSButton' type=androidx.compose.runtime.MutableState<kotlin.Int> origin=null
      $mask0: CONST Int type=kotlin.Int value=4
      $handler: CONST Null type=kotlin.Any? value=null

	at org.jetbrains.kotlin.backend.jvm.codegen.FunctionCodegen.generate(FunctionCodegen.kt:51)
	at org.jetbrains.kotlin.backend.jvm.codegen.FunctionCodegen.generate$default(FunctionCodegen.kt:43)
	at org.jetbrains.kotlin.backend.jvm.codegen.ClassCodegen.generateMethodNode(ClassCodegen.kt:390)
	at org.jetbrains.kotlin.backend.jvm.codegen.ClassCodegen.generateMethod(ClassCodegen.kt:407)
	at org.jetbrains.kotlin.backend.jvm.codegen.ClassCodegen.generate(ClassCodegen.kt:169)
	at org.jetbrains.kotlin.backend.jvm.FileCodegen.lower(JvmPhases.kt:41)
	at org.jetbrains.kotlin.backend.common.phaser.FileLoweringPhaseAdapter.invoke(PhaseBuilders.kt:120)
	at org.jetbrains.kotlin.backend.common.phaser.FileLoweringPhaseAdapter.invoke(PhaseBuilders.kt:116)
	at org.jetbrains.kotlin.backend.common.phaser.NamedCompilerPhase.phaseBody(CompilerPhase.kt:147)
	at org.jetbrains.kotlin.backend.common.phaser.AbstractNamedCompilerPhase.invoke(CompilerPhase.kt:94)
	at org.jetbrains.kotlin.backend.common.phaser.PerformByIrFilePhase.invokeSequential(performByIrFile.kt:62)
	... 44 more
Caused by: org.jetbrains.kotlin.codegen.CompilationException: Back-end (JVM) Internal error: Couldn't inline method call: CALL 'public final fun remember <T> (calculation: @[DisallowComposableCalls] kotlin.Function0<T of androidx.compose.runtime.ComposablesKt.remember>): T of androidx.compose.runtime.ComposablesKt.remember [inline] declared in androidx.compose.runtime.ComposablesKt' type=androidx.compose.runtime.MutableState<kotlin.Boolean> origin=null
Method: null
File is unknown
The root cause java.lang.IllegalStateException was thrown at: org.jetbrains.kotlin.codegen.inline.SourceCompilerForInlineKt.getMethodNode(SourceCompilerForInline.kt:118)
	at org.jetbrains.kotlin.codegen.inline.InlineCodegen.performInline(InlineCodegen.kt:67)
	at org.jetbrains.kotlin.backend.jvm.codegen.IrInlineCodegen.genInlineCall(IrInlineCodegen.kt:162)
	at org.jetbrains.kotlin.backend.jvm.codegen.IrInlineCallGenerator.genCall(IrInlineCallGenerator.kt:36)
	at org.jetbrains.kotlin.backend.jvm.codegen.ExpressionCodegen.visitCall(ExpressionCodegen.kt:627)
	at org.jetbrains.kotlin.backend.jvm.codegen.ExpressionCodegen.visitCall(ExpressionCodegen.kt:134)
	at org.jetbrains.kotlin.ir.expressions.IrCall.accept(IrCall.kt:26)
	at org.jetbrains.kotlin.backend.jvm.codegen.ExpressionCodegen.visitVariable(ExpressionCodegen.kt:757)
	at org.jetbrains.kotlin.backend.jvm.codegen.ExpressionCodegen.visitVariable(ExpressionCodegen.kt:134)
	at org.jetbrains.kotlin.ir.declarations.IrVariable.accept(IrVariable.kt:38)
	at org.jetbrains.kotlin.backend.jvm.codegen.ExpressionCodegen.visitStatementContainer(ExpressionCodegen.kt:562)
	at org.jetbrains.kotlin.backend.jvm.codegen.ExpressionCodegen.visitBlockBody(ExpressionCodegen.kt:567)
	at org.jetbrains.kotlin.backend.jvm.codegen.ExpressionCodegen.visitBlockBody(ExpressionCodegen.kt:134)
	at org.jetbrains.kotlin.ir.expressions.IrBlockBody.accept(IrBlockBody.kt:25)
	at org.jetbrains.kotlin.backend.jvm.codegen.ExpressionCodegen.generate(ExpressionCodegen.kt:228)
	at org.jetbrains.kotlin.backend.jvm.codegen.FunctionCodegen.doGenerate(FunctionCodegen.kt:122)
	at org.jetbrains.kotlin.backend.jvm.codegen.FunctionCodegen.generate(FunctionCodegen.kt:47)
	... 54 more
Caused by: java.lang.IllegalStateException: couldn't find inline method Landroidx/compose/runtime/ComposablesKt;.remember(Lkotlin/jvm/functions/Function0;)Ljava/lang/Object;
	at org.jetbrains.kotlin.codegen.inline.SourceCompilerForInlineKt.getMethodNode(SourceCompilerForInline.kt:118)
	at org.jetbrains.kotlin.codegen.inline.SourceCompilerForInlineKt.loadCompiledInlineFunction(SourceCompilerForInline.kt:96)
	at org.jetbrains.kotlin.backend.jvm.codegen.IrSourceCompilerForInline.compileInlineFunction(IrSourceCompilerForInline.kt:91)
	at org.jetbrains.kotlin.codegen.inline.InlineCodegen.compileInline(InlineCodegen.kt:45)
	at org.jetbrains.kotlin.codegen.inline.InlineCodegen.performInline(InlineCodegen.kt:53)
	... 69 more


